[    2116ms] [INFO] %cDownload the React DevTools for a better development experience: https://react.dev/link/react-devtools font-weight:bold @ http://localhost:3000/_next/static/chunks/06-__next_dist_0e2k50v._.js:2971
[    2251ms] [LOG] [HMR] connected @ http://localhost:3000/_next/static/chunks/06-__next_dist_0e2k50v._.js:2971
[    2599ms] [LOG] %c[Vercel Web Analytics]%c Debug mode is enabled by default in development. No requests will be sent to the server. color: rgb(120, 120, 120) color: inherit @ http://localhost:3000/_next/static/chunks/06-__next_dist_0e2k50v._.js:2971
[    2600ms] [LOG] %c[Vercel Web Analytics]%c Running queued event color: rgb(120, 120, 120) color: inherit pageview {route: /sign-in, path: /sign-in} @ http://localhost:3000/_next/static/chunks/06-__next_dist_0e2k50v._.js:2971
[    2600ms] [LOG] %c[Vercel Web Analytics]%c Page view would be ignored by `beforeSend` because null was returned. color: rgb(120, 120, 120) color: inherit {type: pageview, url: http://localhost:3000/sign-in, payload: undefined} @ http://localhost:3000/_next/static/chunks/06-__next_dist_0e2k50v._.js:2971
[    2601ms] [LOG] %c[Vercel Speed Insights]%c Debug mode is enabled by default in development. No requests will be sent to the server. color: rgb(120, 120, 120) color: inherit @ http://localhost:3000/_next/static/chunks/06-__next_dist_0e2k50v._.js:2971
[   50018ms] [LOG] [Fast Refresh] rebuilding @ http://localhost:3000/_next/static/chunks/06-__next_dist_0e2k50v._.js:2971
[   50617ms] [LOG] [Fast Refresh] done in 702ms @ http://localhost:3000/_next/static/chunks/06-__next_dist_0e2k50v._.js:2971
[   50853ms] [LOG] [Fast Refresh] rebuilding @ http://localhost:3000/_next/static/chunks/06-__next_dist_0e2k50v._.js:2971
[   51827ms] [LOG] [Fast Refresh] done in 1080ms @ http://localhost:3000/_next/static/chunks/06-__next_dist_0e2k50v._.js:2971
[   55889ms] [LOG] [Fast Refresh] rebuilding @ http://localhost:3000/_next/static/chunks/06-__next_dist_0e2k50v._.js:2971
[   56280ms] [LOG] [Fast Refresh] done in 505ms @ http://localhost:3000/_next/static/chunks/06-__next_dist_0e2k50v._.js:2971
[   56694ms] [LOG] [Fast Refresh] rebuilding @ http://localhost:3000/_next/static/chunks/06-__next_dist_0e2k50v._.js:2971
[   56886ms] [LOG] [Fast Refresh] done in 293ms @ http://localhost:3000/_next/static/chunks/06-__next_dist_0e2k50v._.js:2971
[   57198ms] [LOG] [Fast Refresh] rebuilding @ http://localhost:3000/_next/static/chunks/06-__next_dist_0e2k50v._.js:2971
[   57395ms] [LOG] [Fast Refresh] done in 310ms @ http://localhost:3000/_next/static/chunks/06-__next_dist_0e2k50v._.js:2971
[   58158ms] [LOG] [Fast Refresh] rebuilding @ http://localhost:3000/_next/static/chunks/06-__next_dist_0e2k50v._.js:2971
[   58240ms] [LOG] [Fast Refresh] done in 188ms @ http://localhost:3000/_next/static/chunks/06-__next_dist_0e2k50v._.js:2971
[   58650ms] [LOG] [Fast Refresh] rebuilding @ http://localhost:3000/_next/static/chunks/06-__next_dist_0e2k50v._.js:2971
[   58682ms] [LOG] [Fast Refresh] done in 134ms @ http://localhost:3000/_next/static/chunks/06-__next_dist_0e2k50v._.js:2971
[   59023ms] [LOG] [Fast Refresh] rebuilding @ http://localhost:3000/_next/static/chunks/06-__next_dist_0e2k50v._.js:2971
[   59057ms] [LOG] [Fast Refresh] done in 140ms @ http://localhost:3000/_next/static/chunks/06-__next_dist_0e2k50v._.js:2971
[   59437ms] [LOG] [Fast Refresh] rebuilding @ http://localhost:3000/_next/static/chunks/06-__next_dist_0e2k50v._.js:2971
[   59642ms] [LOG] [Fast Refresh] done in 305ms @ http://localhost:3000/_next/static/chunks/06-__next_dist_0e2k50v._.js:2971
[   61451ms] [LOG] [Fast Refresh] rebuilding @ http://localhost:3000/_next/static/chunks/06-__next_dist_0e2k50v._.js:2971
[   61573ms] [LOG] [Fast Refresh] done in 231ms @ http://localhost:3000/_next/static/chunks/06-__next_dist_0e2k50v._.js:2971
[   62087ms] [LOG] [Fast Refresh] rebuilding @ http://localhost:3000/_next/static/chunks/06-__next_dist_0e2k50v._.js:2971
[   62200ms] [LOG] [Fast Refresh] done in 220ms @ http://localhost:3000/_next/static/chunks/06-__next_dist_0e2k50v._.js:2971
[   66104ms] [LOG] [Fast Refresh] rebuilding @ http://localhost:3000/_next/static/chunks/06-__next_dist_0e2k50v._.js:2971
[   66122ms] [LOG] [Fast Refresh] done in 125ms @ http://localhost:3000/_next/static/chunks/06-__next_dist_0e2k50v._.js:2971
[   69094ms] [LOG] [Fast Refresh] rebuilding @ http://localhost:3000/_next/static/chunks/06-__next_dist_0e2k50v._.js:2971
[   69169ms] [LOG] [Fast Refresh] done in 189ms @ http://localhost:3000/_next/static/chunks/06-__next_dist_0e2k50v._.js:2971
[   69325ms] [LOG] [Fast Refresh] rebuilding @ http://localhost:3000/_next/static/chunks/06-__next_dist_0e2k50v._.js:2971
[   69345ms] [LOG] [Fast Refresh] done in 135ms @ http://localhost:3000/_next/static/chunks/06-__next_dist_0e2k50v._.js:2971
[   69457ms] [LOG] [Fast Refresh] rebuilding @ http://localhost:3000/_next/static/chunks/06-__next_dist_0e2k50v._.js:2971
[   69506ms] [LOG] [Fast Refresh] done in 154ms @ http://localhost:3000/_next/static/chunks/06-__next_dist_0e2k50v._.js:2971
[   70487ms] [LOG] [Fast Refresh] rebuilding @ http://localhost:3000/_next/static/chunks/06-__next_dist_0e2k50v._.js:2971
[   70565ms] [LOG] [Fast Refresh] done in 189ms @ http://localhost:3000/_next/static/chunks/06-__next_dist_0e2k50v._.js:2971
[   73069ms] [LOG] [Fast Refresh] rebuilding @ http://localhost:3000/_next/static/chunks/06-__next_dist_0e2k50v._.js:2971
[   73199ms] [LOG] [Fast Refresh] done in 237ms @ http://localhost:3000/_next/static/chunks/06-__next_dist_0e2k50v._.js:2971
[   75333ms] [LOG] [Fast Refresh] rebuilding @ http://localhost:3000/_next/static/chunks/06-__next_dist_0e2k50v._.js:2971
[   75335ms] [LOG] [Fast Refresh] done in 106ms @ http://localhost:3000/_next/static/chunks/06-__next_dist_0e2k50v._.js:2971
[   92934ms] [LOG] [Fast Refresh] rebuilding @ http://localhost:3000/_next/static/chunks/06-__next_dist_0e2k50v._.js:2971
[   95236ms] [LOG] [Fast Refresh] done in 2412ms @ http://localhost:3000/_next/static/chunks/06-__next_dist_0e2k50v._.js:2971
[   97110ms] [LOG] [Fast Refresh] rebuilding @ http://localhost:3000/_next/static/chunks/06-__next_dist_0e2k50v._.js:2971
[   98045ms] [LOG] [Fast Refresh] done in 1040ms @ http://localhost:3000/_next/static/chunks/06-__next_dist_0e2k50v._.js:2971
[   98161ms] [LOG] [Fast Refresh] rebuilding @ http://localhost:3000/_next/static/chunks/06-__next_dist_0e2k50v._.js:2971
[   98962ms] [LOG] [Fast Refresh] done in 904ms @ http://localhost:3000/_next/static/chunks/06-__next_dist_0e2k50v._.js:2971
[   99742ms] [LOG] [Fast Refresh] rebuilding @ http://localhost:3000/_next/static/chunks/06-__next_dist_0e2k50v._.js:2971
[   99777ms] [LOG] [Fast Refresh] done in 136ms @ http://localhost:3000/_next/static/chunks/06-__next_dist_0e2k50v._.js:2971
